  main.cpp
C:\Users\Lucca\Desktop\openUI_repo\Desktop-Ticket-App\day.h(31,27): warning C4244: '=': conversion from 'int' to 'float', possible loss of data
C:\Users\Lucca\Desktop\openUI_repo\Desktop-Ticket-App\day.h(40,19): warning C4244: 'initializing': conversion from 'int' to 'float', possible loss of data
C:\Users\Lucca\Desktop\openUI_repo\Desktop-Ticket-App\day.h(58,24): warning C4244: 'initializing': conversion from 'int' to 'float', possible loss of data
C:\Users\Lucca\Desktop\openUI_repo\Desktop-Ticket-App\day.h(59,27): warning C4018: '<': signed/unsigned mismatch
C:\Users\Lucca\Desktop\openUI_repo\Desktop-Ticket-App\day.h(70,24): warning C4244: 'initializing': conversion from 'int' to 'float', possible loss of data
C:\Users\Lucca\Desktop\openUI_repo\Desktop-Ticket-App\day.h(71,27): warning C4018: '<': signed/unsigned mismatch
C:\Users\Lucca\Desktop\openUI_repo\Desktop-Ticket-App\calendar.h(59,31): warning C4018: '<': signed/unsigned mismatch
C:\Users\Lucca\Desktop\openUI_repo\Desktop-Ticket-App\calendar.h(66,35): warning C4018: '<': signed/unsigned mismatch
C:\Users\Lucca\Desktop\openUI_repo\Desktop-Ticket-App\calendar.h(72,55): warning C4018: '<': signed/unsigned mismatch
C:\Users\Lucca\Desktop\openUI_repo\Desktop-Ticket-App\calendar.h(85,27): warning C4018: '<': signed/unsigned mismatch
C:\Users\Lucca\Desktop\openUI_repo\Desktop-Ticket-App\calendar.h(87,31): warning C4018: '<': signed/unsigned mismatch
C:\Users\Lucca\Desktop\openUI_repo\Desktop-Ticket-App\generic.h(23,33): warning C4244: 'argument': conversion from 'time_t' to 'float', possible loss of data
C:\Users\Lucca\Desktop\openUI_repo\Desktop-Ticket-App\generic.h(28,27): warning C4018: '<': signed/unsigned mismatch
C:\Users\Lucca\Desktop\openUI_repo\Desktop-Ticket-App\admin.h(26,27): warning C4018: '<': signed/unsigned mismatch
C:\Users\Lucca\Desktop\openUI_repo\Desktop-Ticket-App\connector.h(125,11): warning C4101: 'er': unreferenced local variable
C:\Users\Lucca\Desktop\openUI_repo\Desktop-Ticket-App\connector.h(153,11): warning C4101: 'er': unreferenced local variable
C:\Users\Lucca\Desktop\openUI_repo\Desktop-Ticket-App\connector.h(185,11): warning C4101: 'er': unreferenced local variable
C:\Users\Lucca\Desktop\openUI_repo\Desktop-Ticket-App\connector.h(209,11): warning C4101: 'er': unreferenced local variable
C:\Users\Lucca\Desktop\openUI_repo\Desktop-Ticket-App\connector.h(234,11): warning C4101: 'er': unreferenced local variable
C:\Users\Lucca\Desktop\openUI_repo\Desktop-Ticket-App\helper.h(21,20): warning C4018: '<': signed/unsigned mismatch
C:\Users\Lucca\Desktop\openUI_repo\Desktop-Ticket-App\helper.h(51,20): warning C4018: '<': signed/unsigned mismatch
C:\Users\Lucca\Desktop\openUI_repo\Desktop-Ticket-App\helper.h(64,20): warning C4018: '<': signed/unsigned mismatch
C:\Users\Lucca\Desktop\openUI_repo\Desktop-Ticket-App\helper.h(78,20): warning C4018: '<': signed/unsigned mismatch
C:\Users\Lucca\Desktop\openUI_repo\Desktop-Ticket-App\tests.h(29,23): warning C4018: '<': signed/unsigned mismatch
  shell.c
C:\Users\Lucca\Desktop\openUI_repo\Desktop-Ticket-App\shell.c(1,1): warning C4819: The file contains a character that cannot be represented in the current code page (936). Save the file in Unicode format to prevent data loss
C:\Users\Lucca\Desktop\openUI_repo\Desktop-Ticket-App\shell.c(27301,1): warning C4819: The file contains a character that cannot be represented in the current code page (936). Save the file in Unicode format to prevent data loss
C:\Users\Lucca\Desktop\openUI_repo\Desktop-Ticket-App\shell.c(27705,35): error C2001: newline in constant
C:\Users\Lucca\Desktop\openUI_repo\Desktop-Ticket-App\shell.c(27706,5): error C2143: syntax error: missing ';' before 'const'
C:\Users\Lucca\Desktop\openUI_repo\Desktop-Ticket-App\shell.c(27720,16): error C2065: 'zBom': undeclared identifier
C:\Users\Lucca\Desktop\openUI_repo\Desktop-Ticket-App\shell.c(27720,16): warning C4047: '=': 'int' differs in levels of indirection from 'const char *'
C:\Users\Lucca\Desktop\openUI_repo\Desktop-Ticket-App\shell.c(27787,18): error C2065: 'zBom': undeclared identifier
C:\Users\Lucca\Desktop\openUI_repo\Desktop-Ticket-App\shell.c(27787,20): error C2065: 'zBom': undeclared identifier
C:\Users\Lucca\Desktop\openUI_repo\Desktop-Ticket-App\shell.c(27787,20): warning C4047: 'function': 'const char *' differs in levels of indirection from 'int'
C:\Users\Lucca\Desktop\openUI_repo\Desktop-Ticket-App\shell.c(27787,20): warning C4024: 'oPutsUtf8': different types for formal and actual parameter 1
C:\Users\Lucca\Desktop\openUI_repo\Desktop-Ticket-App\shell.c(27800,18): error C2065: 'zBom': undeclared identifier
C:\Users\Lucca\Desktop\openUI_repo\Desktop-Ticket-App\shell.c(27800,20): error C2065: 'zBom': undeclared identifier
C:\Users\Lucca\Desktop\openUI_repo\Desktop-Ticket-App\shell.c(27800,20): warning C4047: 'function': 'const char *' differs in levels of indirection from 'int'
C:\Users\Lucca\Desktop\openUI_repo\Desktop-Ticket-App\shell.c(27800,20): warning C4024: 'oPutsUtf8': different types for formal and actual parameter 1
